// Jest Snapshot v1, https://goo.gl/fbAQLP

exports[`Author component shows all the data 1`] = `
<div>
  <div
    class="author"
  >
    <ul
      class="author__metadata"
    >
      <li
        class="author__name"
      >
        <strong>
          name
        </strong>
      </li>
      <li
        class="author__description"
      >
        role
      </li>
    </ul>
  </div>
</div>
`;
