// Jest Snapshot v1, https://goo.gl/fbAQLP

exports[`Concert component shows all the data 1`] = `
<div>
  <nav
    class="wrapper"
  >
    <div
      class="content content-layout"
    >
      <ul
        class="list"
      >
        <li
          class="navItem"
        >
          <a
            class="link text-large"
            href="/contact"
          >
            contact
          </a>
        </li>
        <li
          class="navItem"
        >
          <a
            class="link text-large"
            href="/"
          >
            homepage
          </a>
        </li>
        <li
          class="listItem"
        >
          <button
            class="button text-large"
            type="button"
          >
            level 1
          </button>
        </li>
      </ul>
      <a
        class="logoLink"
        href="/"
      >
        <img
          alt="CREA Orkest"
          class="logo"
          data-nimg="fill"
          decoding="async"
          loading="lazy"
          sizes="(min-width: 500px) 50vw, 100vw"
          src="/_next/image?url=%2Fimg%2Flogo-crea-orkest.png&w=3840&q=75"
          srcset="/_next/image?url=%2Fimg%2Flogo-crea-orkest.png&w=384&q=75 384w, /_next/image?url=%2Fimg%2Flogo-crea-orkest.png&w=640&q=75 640w, /_next/image?url=%2Fimg%2Flogo-crea-orkest.png&w=750&q=75 750w, /_next/image?url=%2Fimg%2Flogo-crea-orkest.png&w=828&q=75 828w, /_next/image?url=%2Fimg%2Flogo-crea-orkest.png&w=1080&q=75 1080w, /_next/image?url=%2Fimg%2Flogo-crea-orkest.png&w=1200&q=75 1200w, /_next/image?url=%2Fimg%2Flogo-crea-orkest.png&w=1920&q=75 1920w, /_next/image?url=%2Fimg%2Flogo-crea-orkest.png&w=2048&q=75 2048w, /_next/image?url=%2Fimg%2Flogo-crea-orkest.png&w=3840&q=75 3840w"
          style="position: absolute; height: 100%; width: 100%; left: 0px; top: 0px; right: 0px; bottom: 0px; color: transparent;"
        />
      </a>
    </div>
  </nav>
</div>
`;
