// Jest Snapshot v1, https://goo.gl/fbAQLP

exports[`NotFound component shows all the data 1`] = `
<div>
  <section
    class="notFound"
  >
    <div
      class="notFound__content"
    >
      <h2>
        Niet gevonden
      </h2>
      <p>
        Kon de content niet vinden.
      </p>
      <a
        href="/"
      >
        Ga terug naar de homepage
      </a>
    </div>
  </section>
</div>
`;
