// Jest Snapshot v1, https://goo.gl/fbAQLP

exports[`NotFound component shows all the data 1`] = `
<div>
  <section
    class="root content-layout"
  >
    <h1>
      Pagina niet gevonden
    </h1>
    <p>
      Je lijkt een verkeerde afslag te hebben genomen.
       
      <a
        href="/"
      >
        Ga terug naar de homepage
      </a>
    </p>
  </section>
</div>
`;
